// Jest Snapshot v1, https://goo.gl/fbAQLP

exports[`MetadataController it match snapshot 1`] = `
Array [
  "discord",
  "youtube",
  "tiktok",
  "linkedin",
  "devto",
  "github",
  "twitch",
  "event",
  "coaching",
  "lemverse",
  "instagram",
  "other",
]
`;
